// Bun Snapshot v1, https://goo.gl/fbAQLP

exports[`2 + 2 1`] = `
{
  "completedTasksPerDay": [],
  "labels": [],
  "plannedTasksPerDay": [],
}
`;
